// Jest Snapshot v1, https://goo.gl/fbAQLP

exports[`Layout snapshot It renders without crashing 1`] = `
<div>
  <h1>
    Basic Calculator
  </h1>
  <home-component
    fetchRandomNumber={[Function]}
  />
</div>
`;
